!
! Eclipse Dynamic Languages Toolkit (DLTK) Core JUnit Test
!
! $Id: core-tests.map,v 1.33 2009/04/13 08:10:58 apanchenk Exp $

feature@org.eclipse.dltk.core.tests=v20080925-1710,:pserver:anonymous@dev.eclipse.org:/cvsroot/technology,,org.eclipse.dltk/core/features/org.eclipse.dltk.core.tests

plugin@org.eclipse.dltk.core.tests=v20090408-1322,:pserver:anonymous@dev.eclipse.org:/cvsroot/technology,,org.eclipse.dltk/core/tests/org.eclipse.dltk.core.tests
plugin@org.eclipse.dltk.debug.tests=v20090316-1719,:pserver:anonymous@dev.eclipse.org:/cvsroot/technology,,org.eclipse.dltk/core/tests/org.eclipse.dltk.debug.tests
plugin@org.eclipse.dltk.ui.tests=v20090413-1509,:pserver:anonymous@dev.eclipse.org:/cvsroot/technology,,org.eclipse.dltk/core/tests/org.eclipse.dltk.ui.tests
plugin@org.eclipse.dltk.ui.bot.tests=HEAD,:pserver:anonymous@dev.eclipse.org:/cvsroot/technology,,org.eclipse.dltk/core/tests/org.eclipse.dltk.ui.bot.tests
plugin@org.eclipse.dltk.validators.core.tests=v20080919,:pserver:anonymous@dev.eclipse.org:/cvsroot/technology,,org.eclipse.dltk/core/tests/org.eclipse.dltk.validators.core.tests

plugin@org.eclipse.dltk.ui.tests.automation=HEAD,:ext:cvs@turbine.xored.local:/cvsroot/dltk,,org.eclipse.dltk.ui.tests.automation