!***************  DLTK CONTRIBUTION  ******************************************************** 

feature@org.eclipse.dltk.core=v20080611-1900,:pserver:anonymous@dev.eclipse.org:/cvsroot/technology,,org.eclipse.dltk/core/features/org.eclipse.dltk.core-feature
feature@org.eclipse.dltk.core.sdk=v20080611-1900,:pserver:anonymous@dev.eclipse.org:/cvsroot/technology,,org.eclipse.dltk/core/features/org.eclipse.dltk.core.sdk

plugin@org.eclipse.dltk=v20080526-1423,:pserver:anonymous@dev.eclipse.org:/cvsroot/technology,,org.eclipse.dltk/core/plugins/org.eclipse.dltk
plugin@org.eclipse.dltk.core=v20080616-1933,:pserver:anonymous@dev.eclipse.org:/cvsroot/technology,,org.eclipse.dltk/core/plugins/org.eclipse.dltk.core
plugin@org.eclipse.dltk.ui=v20080617-1501,:pserver:anonymous@dev.eclipse.org:/cvsroot/technology,,org.eclipse.dltk/core/plugins/org.eclipse.dltk.ui
plugin@org.eclipse.dltk.launching=v20080617-1501,:pserver:anonymous@dev.eclipse.org:/cvsroot/technology,,org.eclipse.dltk/core/plugins/org.eclipse.dltk.launching

plugin@org.eclipse.dltk.console=v20080526-1423,:pserver:anonymous@dev.eclipse.org:/cvsroot/technology,,org.eclipse.dltk/core/plugins/org.eclipse.dltk.console
plugin@org.eclipse.dltk.console.ui=v20080526-1423,:pserver:anonymous@dev.eclipse.org:/cvsroot/technology,,org.eclipse.dltk/core/plugins/org.eclipse.dltk.console.ui

plugin@org.eclipse.dltk.debug=v20080616-1622,:pserver:anonymous@dev.eclipse.org:/cvsroot/technology,,org.eclipse.dltk/core/plugins/org.eclipse.dltk.debug
plugin@org.eclipse.dltk.debug.ui=v20080611-1825,:pserver:anonymous@dev.eclipse.org:/cvsroot/technology,,org.eclipse.dltk/core/plugins/org.eclipse.dltk.debug.ui

plugin@org.eclipse.dltk.validators.core=v20080529-1512,:pserver:anonymous@dev.eclipse.org:/cvsroot/technology,,org.eclipse.dltk/core/plugins/org.eclipse.dltk.validators.core
plugin@org.eclipse.dltk.validators.ui=v20080526-1423,:pserver:anonymous@dev.eclipse.org:/cvsroot/technology,,org.eclipse.dltk/core/plugins/org.eclipse.dltk.validators.ui

plugin@org.eclipse.dltk.testing=v20080609-1540,:pserver:anonymous@dev.eclipse.org:/cvsroot/technology,,org.eclipse.dltk/core/plugins/org.eclipse.dltk.testing
plugin@org.eclipse.dltk.core.doc.isv=v20080513-1615,:pserver:anonymous@dev.eclipse.org:/cvsroot/technology,,org.eclipse.dltk/core/plugins/org.eclipse.dltk.core.doc.isv