!
! Eclipse Dynamic Languages Toolkit (DLTK) Core JUnit Test
!
! $Id: core-tests.map,v 1.61 2009/10/07 12:45:47 apanchenk Exp $

feature@org.eclipse.dltk.core.tests=v20090818,:pserver:anonymous@dev.eclipse.org:/cvsroot/technology,,org.eclipse.dltk/core/features/org.eclipse.dltk.core.tests

plugin@org.eclipse.dltk.core.tests=v20091007-1944,:pserver:anonymous@dev.eclipse.org:/cvsroot/technology,,org.eclipse.dltk/core/tests/org.eclipse.dltk.core.tests
plugin@org.eclipse.dltk.debug.tests=v20090730-1127,:pserver:anonymous@dev.eclipse.org:/cvsroot/technology,,org.eclipse.dltk/core/tests/org.eclipse.dltk.debug.tests
plugin@org.eclipse.dltk.debug.ui.tests=v20090818,:pserver:anonymous@dev.eclipse.org:/cvsroot/technology,,org.eclipse.dltk/core/tests/org.eclipse.dltk.debug.ui.tests
plugin@org.eclipse.dltk.ui.tests=v20090928-1132,:pserver:anonymous@dev.eclipse.org:/cvsroot/technology,,org.eclipse.dltk/core/tests/org.eclipse.dltk.ui.tests
plugin@org.eclipse.dltk.ui.bot.tests=HEAD,:pserver:anonymous@dev.eclipse.org:/cvsroot/technology,,org.eclipse.dltk/core/tests/org.eclipse.dltk.ui.bot.tests
plugin@org.eclipse.dltk.validators.core.tests=v20090730-1127,:pserver:anonymous@dev.eclipse.org:/cvsroot/technology,,org.eclipse.dltk/core/tests/org.eclipse.dltk.validators.core.tests
plugin@org.eclipse.dltk.formatter.tests=v20090730-1127,:pserver:anonymous@dev.eclipse.org:/cvsroot/technology,,org.eclipse.dltk/core/tests/org.eclipse.dltk.formatter.tests

plugin@org.eclipse.dltk.ui.tests.automation=HEAD,:ext:cvs@turbine.xored.local:/cvsroot/dltk,,org.eclipse.dltk.ui.tests.automation