!***************  DLTK CONTRIBUTION  ******************************************************** 

feature@org.eclipse.dltk.core=v20090916-1511,:pserver:anonymous@dev.eclipse.org:/cvsroot/technology,,org.eclipse.dltk/core/features/org.eclipse.dltk.core-feature
feature@org.eclipse.dltk.core.sdk=v20090730-1127,:pserver:anonymous@dev.eclipse.org:/cvsroot/technology,,org.eclipse.dltk/core/features/org.eclipse.dltk.core.sdk
feature@org.eclipse.dltk.core.index=HEAD,:pserver:anonymous@dev.eclipse.org:/cvsroot/technology,,org.eclipse.dltk/core/features/org.eclipse.dltk.core.index-feature

plugin@org.eclipse.dltk=v20090827,:pserver:anonymous@dev.eclipse.org:/cvsroot/technology,,org.eclipse.dltk/core/plugins/org.eclipse.dltk
plugin@org.eclipse.dltk.core=v20090914-1439,:pserver:anonymous@dev.eclipse.org:/cvsroot/technology,,org.eclipse.dltk/core/plugins/org.eclipse.dltk.core
plugin@org.eclipse.dltk.ui=v20090908-1830,:pserver:anonymous@dev.eclipse.org:/cvsroot/technology,,org.eclipse.dltk/core/plugins/org.eclipse.dltk.ui
plugin@org.eclipse.dltk.launching=v20090910-1958,:pserver:anonymous@dev.eclipse.org:/cvsroot/technology,,org.eclipse.dltk/core/plugins/org.eclipse.dltk.launching
plugin@org.eclipse.dltk.formatter=v20090730-1127,:pserver:anonymous@dev.eclipse.org:/cvsroot/technology,,org.eclipse.dltk/core/plugins/org.eclipse.dltk.formatter

plugin@org.eclipse.dltk.console=v20090730-1127,:pserver:anonymous@dev.eclipse.org:/cvsroot/technology,,org.eclipse.dltk/core/plugins/org.eclipse.dltk.console
plugin@org.eclipse.dltk.console.ui=v20090910-1958,:pserver:anonymous@dev.eclipse.org:/cvsroot/technology,,org.eclipse.dltk/core/plugins/org.eclipse.dltk.console.ui

plugin@org.eclipse.dltk.debug=v20090827,:pserver:anonymous@dev.eclipse.org:/cvsroot/technology,,org.eclipse.dltk/core/plugins/org.eclipse.dltk.debug
plugin@org.eclipse.dltk.debug.ui=v20090910-1958,:pserver:anonymous@dev.eclipse.org:/cvsroot/technology,,org.eclipse.dltk/core/plugins/org.eclipse.dltk.debug.ui

plugin@org.eclipse.dltk.validators.core=v20090908-1616,:pserver:anonymous@dev.eclipse.org:/cvsroot/technology,,org.eclipse.dltk/core/plugins/org.eclipse.dltk.validators.core
plugin@org.eclipse.dltk.validators.ui=v20090730-1127,:pserver:anonymous@dev.eclipse.org:/cvsroot/technology,,org.eclipse.dltk/core/plugins/org.eclipse.dltk.validators.ui
plugin@org.eclipse.dltk.validators.externalchecker=v20090803-1754,:pserver:anonymous@dev.eclipse.org:/cvsroot/technology,,org.eclipse.dltk/core/plugins/org.eclipse.dltk.validators.externalchecker

plugin@org.eclipse.dltk.testing=v20090914-1703,:pserver:anonymous@dev.eclipse.org:/cvsroot/technology,,org.eclipse.dltk/core/plugins/org.eclipse.dltk.testing
plugin@org.eclipse.dltk.core.doc.isv=v20090708-1856,:pserver:anonymous@dev.eclipse.org:/cvsroot/technology,,org.eclipse.dltk/core/plugins/org.eclipse.dltk.core.doc.isv

plugin@org.eclipse.dltk.core.index=HEAD,:pserver:anonymous@dev.eclipse.org:/cvsroot/technology,,org.eclipse.dltk/core/plugins/org.eclipse.dltk.core.index
plugin@org.eclipse.dltk.core.index.sql=v20090910-1958,:pserver:anonymous@dev.eclipse.org:/cvsroot/technology,,org.eclipse.dltk/core/plugins/org.eclipse.dltk.core.index.sql
plugin@org.eclipse.dltk.core.index.sql.h2=v20090810-1523,:pserver:anonymous@dev.eclipse.org:/cvsroot/technology,,org.eclipse.dltk/core/plugins/org.eclipse.dltk.core.index.sql.h2