!
! Eclipse Dynamic Languages Toolkit (DLTK) Core JUnit Test
!
! $Id: core-tests.map,v 1.41 2009/05/20 11:06:56 asobolev Exp $

feature@org.eclipse.dltk.core.tests=v20090420-1742,:pserver:anonymous@dev.eclipse.org:/cvsroot/technology,,org.eclipse.dltk/core/features/org.eclipse.dltk.core.tests

plugin@org.eclipse.dltk.core.tests=v20090520-1801,:pserver:anonymous@dev.eclipse.org:/cvsroot/technology,,org.eclipse.dltk/core/tests/org.eclipse.dltk.core.tests
plugin@org.eclipse.dltk.debug.tests=v20090316-1719,:pserver:anonymous@dev.eclipse.org:/cvsroot/technology,,org.eclipse.dltk/core/tests/org.eclipse.dltk.debug.tests
plugin@org.eclipse.dltk.ui.tests=v20090413-1509,:pserver:anonymous@dev.eclipse.org:/cvsroot/technology,,org.eclipse.dltk/core/tests/org.eclipse.dltk.ui.tests
plugin@org.eclipse.dltk.ui.bot.tests=HEAD,:pserver:anonymous@dev.eclipse.org:/cvsroot/technology,,org.eclipse.dltk/core/tests/org.eclipse.dltk.ui.bot.tests
plugin@org.eclipse.dltk.validators.core.tests=v20080919,:pserver:anonymous@dev.eclipse.org:/cvsroot/technology,,org.eclipse.dltk/core/tests/org.eclipse.dltk.validators.core.tests
plugin@org.eclipse.dltk.formatter.tests=v20090425,:pserver:anonymous@dev.eclipse.org:/cvsroot/technology,,org.eclipse.dltk/core/tests/org.eclipse.dltk.formatter.tests

plugin@org.eclipse.dltk.ui.tests.automation=HEAD,:ext:cvs@turbine.xored.local:/cvsroot/dltk,,org.eclipse.dltk.ui.tests.automation