
! Javascript Development Tools (DLTK)
!
! $Id: javascript.map,v 1.126 2009/05/29 16:34:13 asobolev Exp $ 

feature@org.eclipse.dltk.javascript=v20090528-1923,:pserver:anonymous@dev.eclipse.org:/cvsroot/technology,,org.eclipse.dltk/javascript/features/org.eclipse.dltk.javascript-feature
feature@org.eclipse.dltk.javascript.sdk=v20090528-1923,:pserver:anonymous@dev.eclipse.org:/cvsroot/technology,,org.eclipse.dltk/javascript/features/org.eclipse.dltk.javascript.sdk

plugin@org.eclipse.dltk.javascript.core=v20090529-2332,:pserver:anonymous@dev.eclipse.org:/cvsroot/technology,,org.eclipse.dltk/javascript/plugins/org.eclipse.dltk.javascript.core
plugin@org.eclipse.dltk.javascript.core.dom.support=v20090529-2332,:pserver:anonymous@dev.eclipse.org:/cvsroot/technology,,org.eclipse.dltk/javascript/plugins/org.eclipse.dltk.javascript.core.dom.support
plugin@org.eclipse.dltk.javascript.core.dom.support.sample=v20090528-1923,:pserver:anonymous@dev.eclipse.org:/cvsroot/technology,,org.eclipse.dltk/javascript/plugins/org.eclipse.dltk.javascript.core.dom.support.sample
plugin@org.eclipse.dltk.javascript.debug=v20090528-1923,:pserver:anonymous@dev.eclipse.org:/cvsroot/technology,,org.eclipse.dltk/javascript/plugins/org.eclipse.dltk.javascript.debug
plugin@org.eclipse.dltk.javascript.debug.ui=v20090528-1923,:pserver:anonymous@dev.eclipse.org:/cvsroot/technology,,org.eclipse.dltk/javascript/plugins/org.eclipse.dltk.javascript.debug.ui
plugin@org.eclipse.dltk.javascript.jdt.integration=v20090528-1923,:pserver:anonymous@dev.eclipse.org:/cvsroot/technology,,org.eclipse.dltk/javascript/plugins/org.eclipse.dltk.javascript.jdt.integration
plugin@org.eclipse.dltk.javascript.launching=v20090528-1923,:pserver:anonymous@dev.eclipse.org:/cvsroot/technology,,org.eclipse.dltk/javascript/plugins/org.eclipse.dltk.javascript.launching
plugin@org.eclipse.dltk.javascript.rhino=v20090528-1923,:pserver:anonymous@dev.eclipse.org:/cvsroot/technology,,org.eclipse.dltk/javascript/plugins/org.eclipse.dltk.javascript.rhino
plugin@org.eclipse.dltk.javascript.rhino.dbgp=v20090528-1923,:pserver:anonymous@dev.eclipse.org:/cvsroot/technology,,org.eclipse.dltk/javascript/plugins/org.eclipse.dltk.javascript.rhino.dbgp
plugin@org.eclipse.dltk.javascript.ui=v20090529-2332,:pserver:anonymous@dev.eclipse.org:/cvsroot/technology,,org.eclipse.dltk/javascript/plugins/org.eclipse.dltk.javascript.ui
plugin@org.eclipse.dltk.javascript.formatter=v20090520-1801,:pserver:anonymous@dev.eclipse.org:/cvsroot/technology,,org.eclipse.dltk/javascript/plugins/org.eclipse.dltk.javascript.formatter
plugin@org.eclipse.dltk.javascript.jsjdtdebugger=v20090528-1923,:pserver:anonymous@dev.eclipse.org:/cvsroot/technology,,org.eclipse.dltk/javascript/plugins/org.eclipse.dltk.javascript.jsjdtdebugger
plugin@org.eclipse.dltk.wst.javascript.core=v20071127,:pserver:anonymous@dev.eclipse.org:/cvsroot/technology,,org.eclipse.dltk/javascript/plugins/org.eclipse.dltk.wst.javascript.core
plugin@org.eclipse.dltk.wst.javascript.ui=v20071127,:pserver:anonymous@dev.eclipse.org:/cvsroot/technology,,org.eclipse.dltk/javascript/plugins/org.eclipse.dltk.wst.javascript.ui
plugin@org.apache.xmlbeans=v20080506-1923,:pserver:anonymous@dev.eclipse.org:/cvsroot/technology,,org.eclipse.dltk/javascript/plugins/org.apache.xmlbeans