!********* Eclipse Dynamic Languages Toolkit (DLTK)
!
! $Id: javascript-tests.map,v 1.78 2011/04/23 14:35:36 apanchenk Exp $
!

feature@org.eclipse.dltk.javascript.tests=v20101125-1247,:pserver:anonymous@dev.eclipse.org:/cvsroot/technology,,org.eclipse.dltk/javascript/features/org.eclipse.dltk.javascript.tests

plugin@org.eclipse.dltk.javascript.core.tests=v20110423,:pserver:anonymous@dev.eclipse.org:/cvsroot/technology,,org.eclipse.dltk/javascript/tests/org.eclipse.dltk.javascript.core.tests
plugin@org.eclipse.dltk.javascript.formatter.tests=v20110423,:pserver:anonymous@dev.eclipse.org:/cvsroot/technology,,org.eclipse.dltk/javascript/tests/org.eclipse.dltk.javascript.formatter.tests
plugin@org.eclipse.dltk.javascript.parser.tests=v20110423,:pserver:anonymous@dev.eclipse.org:/cvsroot/technology,,org.eclipse.dltk/javascript/tests/org.eclipse.dltk.javascript.parser.tests
plugin@org.eclipse.dltk.javascript.ui.tests=v20110423,:pserver:anonymous@dev.eclipse.org:/cvsroot/technology,,org.eclipse.dltk/javascript/tests/org.eclipse.dltk.javascript.ui.tests