
! RSE Environment implementation (DLTK)
!
! $Id: rse.map,v 1.63 2009/08/27 12:09:16 apanchenk Exp $ 

feature@org.eclipse.dltk.rse=v20090730-1514,:pserver:anonymous@dev.eclipse.org:/cvsroot/technology,,org.eclipse.dltk/rse/features/org.eclipse.dltk.rse-feature
feature@org.eclipse.dltk.rse.sdk=v20090730-1127,:pserver:anonymous@dev.eclipse.org:/cvsroot/technology,,org.eclipse.dltk/rse/features/org.eclipse.dltk.rse.sdk

plugin@org.eclipse.dltk.rse=v20090610-1638,:pserver:anonymous@dev.eclipse.org:/cvsroot/technology,,org.eclipse.dltk/rse/plugins/org.eclipse.dltk.rse
plugin@org.eclipse.dltk.rse.core=v20090827,:pserver:anonymous@dev.eclipse.org:/cvsroot/technology,,org.eclipse.dltk/rse/plugins/org.eclipse.dltk.rse.core
plugin@org.eclipse.dltk.rse.ui=v20090827,:pserver:anonymous@dev.eclipse.org:/cvsroot/technology,,org.eclipse.dltk/rse/plugins/org.eclipse.dltk.rse.ui

plugin@org.eclipse.dltk.ssh.core=v20090810-1523,:pserver:anonymous@dev.eclipse.org:/cvsroot/technology,,org.eclipse.dltk/rse/plugins/org.eclipse.dltk.ssh.core