
! RSE Environment implementation (DLTK)
!
! $Id: rse.map,v 1.78 2010/06/04 06:13:30 apanchenk Exp $ 

feature@org.eclipse.dltk.rse=v20100603,:pserver:anonymous@dev.eclipse.org:/cvsroot/technology,,org.eclipse.dltk/rse/features/org.eclipse.dltk.rse-feature
feature@org.eclipse.dltk.rse.sdk=v20090730-1127,:pserver:anonymous@dev.eclipse.org:/cvsroot/technology,,org.eclipse.dltk/rse/features/org.eclipse.dltk.rse.sdk

plugin@org.eclipse.dltk.rse=v20090610-1638,:pserver:anonymous@dev.eclipse.org:/cvsroot/technology,,org.eclipse.dltk/rse/plugins/org.eclipse.dltk.rse
plugin@org.eclipse.dltk.rse.core=v20100115-2213,:pserver:anonymous@dev.eclipse.org:/cvsroot/technology,,org.eclipse.dltk/rse/plugins/org.eclipse.dltk.rse.core
plugin@org.eclipse.dltk.rse.ui=v20100115-2213,:pserver:anonymous@dev.eclipse.org:/cvsroot/technology,,org.eclipse.dltk/rse/plugins/org.eclipse.dltk.rse.ui

plugin@org.eclipse.dltk.ssh.core=v20100115-2213,:pserver:anonymous@dev.eclipse.org:/cvsroot/technology,,org.eclipse.dltk/rse/plugins/org.eclipse.dltk.ssh.core