
! Ruby Development Tools (DLTK)
!
! $Id: ruby.map,v 1.176 2009/05/28 12:30:22 asobolev Exp $ 

feature@org.eclipse.dltk.ruby=v20090528-1923,:pserver:anonymous@dev.eclipse.org:/cvsroot/technology,,org.eclipse.dltk/ruby/features/org.eclipse.dltk.ruby-feature
feature@org.eclipse.dltk.ruby.sdk=v20090528-1923,:pserver:anonymous@dev.eclipse.org:/cvsroot/technology,,org.eclipse.dltk/ruby/features/org.eclipse.dltk.ruby.sdk

plugin@org.eclipse.dltk.ruby=v20090528-1923,:pserver:anonymous@dev.eclipse.org:/cvsroot/technology,,org.eclipse.dltk/ruby/plugins/org.eclipse.dltk.ruby
plugin@org.eclipse.dltk.ruby.core=v20090528-1923,:pserver:anonymous@dev.eclipse.org:/cvsroot/technology,,org.eclipse.dltk/ruby/plugins/org.eclipse.dltk.ruby.core
plugin@org.eclipse.dltk.ruby.launching=v20090528-1923,:pserver:anonymous@dev.eclipse.org:/cvsroot/technology,,org.eclipse.dltk/ruby/plugins/org.eclipse.dltk.ruby.launching
plugin@org.eclipse.dltk.ruby.debug=v20090528-1923,:pserver:anonymous@dev.eclipse.org:/cvsroot/technology,,org.eclipse.dltk/ruby/plugins/org.eclipse.dltk.ruby.debug
plugin@org.eclipse.dltk.ruby.ui=v20090528-1923,:pserver:anonymous@dev.eclipse.org:/cvsroot/technology,,org.eclipse.dltk/ruby/plugins/org.eclipse.dltk.ruby.ui
plugin@org.eclipse.dltk.ruby.formatter=v20090528-1923,:pserver:anonymous@dev.eclipse.org:/cvsroot/technology,,org.eclipse.dltk/ruby/plugins/org.eclipse.dltk.ruby.formatter
plugin@org.eclipse.dltk.ruby.testing=v20090528-1923,:pserver:anonymous@dev.eclipse.org:/cvsroot/technology,,org.eclipse.dltk/ruby/plugins/org.eclipse.dltk.ruby.testing
plugin@org.eclipse.dltk.ruby.debug.ui=v20090528-1923,:pserver:anonymous@dev.eclipse.org:/cvsroot/technology,,org.eclipse.dltk/ruby/plugins/org.eclipse.dltk.ruby.debug.ui

plugin@org.eclipse.dltk.ruby.abstractdebugger=v20090528-1923,:pserver:anonymous@dev.eclipse.org:/cvsroot/technology,,org.eclipse.dltk/ruby/plugins/org.eclipse.dltk.ruby.abstractdebugger
plugin@org.eclipse.dltk.ruby.basicdebugger=v20090528-1923,:pserver:anonymous@dev.eclipse.org:/cvsroot/technology,,org.eclipse.dltk/ruby/plugins/org.eclipse.dltk.ruby.basicdebugger
plugin@org.eclipse.dltk.ruby.fastdebugger=v20090528-1923,:pserver:anonymous@dev.eclipse.org:/cvsroot/technology,,org.eclipse.dltk/ruby/plugins/org.eclipse.dltk.ruby.fastdebugger
plugin@org.eclipse.dltk.ruby.activestatedebugger=v20090528-1923,:pserver:anonymous@dev.eclipse.org:/cvsroot/technology,,org.eclipse.dltk/ruby/plugins/org.eclipse.dltk.ruby.activestatedebugger