!********* Eclipse Dynamic Languages Toolkit (DLTK)
!
! $Id: ruby-tests.map,v 1.19 2008/08/27 13:16:45 apanchenk Exp $
!

feature@org.eclipse.dltk.ruby.tests=HEAD,:pserver:anonymous@dev.eclipse.org:/cvsroot/technology,,org.eclipse.dltk/ruby/features/org.eclipse.dltk.ruby.tests

plugin@org.eclipse.dltk.ruby.core.tests=v20080827,:pserver:anonymous@dev.eclipse.org:/cvsroot/technology,,org.eclipse.dltk/ruby/tests/org.eclipse.dltk.ruby.core.tests
plugin@org.eclipse.dltk.ruby.ui.tests=HEAD,:pserver:anonymous@dev.eclipse.org:/cvsroot/technology,,org.eclipse.dltk/ruby/tests/org.eclipse.dltk.ruby.ui.tests
plugin@org.eclipse.dltk.ruby.ui.bot.tests=HEAD,:pserver:anonymous@dev.eclipse.org:/cvsroot/technology,,org.eclipse.dltk/ruby/tests/org.eclipse.dltk.ruby.ui.bot.tests
plugin@org.eclipse.dltk.ruby.debug.tests=HEAD,:pserver:anonymous@dev.eclipse.org:/cvsroot/technology,,org.eclipse.dltk/ruby/tests/org.eclipse.dltk.ruby.debug.tests
fragment@org.eclipse.dltk.ruby.formatter.tests=HEAD,:pserver:anonymous@dev.eclipse.org:/cvsroot/technology,,org.eclipse.dltk/ruby/tests/org.eclipse.dltk.ruby.formatter.tests