!********* Eclipse Dynamic Languages Toolkit (DLTK)
!
! $Id: tcl-tests.map,v 1.60 2009/12/14 11:16:33 apanchenk Exp $
!

feature@org.eclipse.dltk.tcl.tests=v20090730-1127,:pserver:anonymous@dev.eclipse.org:/cvsroot/technology,,org.eclipse.dltk/tcl/features/org.eclipse.dltk.tcl.tests-feature

plugin@org.eclipse.dltk.tcl.core.tests=v20091214-1712,:pserver:anonymous@dev.eclipse.org:/cvsroot/technology,,org.eclipse.dltk/tcl/tests/org.eclipse.dltk.tcl.core.tests
plugin@org.eclipse.dltk.tcl.tests=v20090730-1127,:pserver:anonymous@dev.eclipse.org:/cvsroot/technology,,org.eclipse.dltk/tcl/tests/org.eclipse.dltk.tcl.tests
plugin@org.eclipse.dltk.tcl.ui.tests=v20091014-2322,:pserver:anonymous@dev.eclipse.org:/cvsroot/technology,,org.eclipse.dltk/tcl/tests/org.eclipse.dltk.tcl.ui.tests

plugin@org.eclipse.dltk.tcl.parser.tests=v20091214-1712,:pserver:anonymous@dev.eclipse.org:/cvsroot/technology,,org.eclipse.dltk/tcl/tests/org.eclipse.dltk.tcl.parser.tests
plugin@org.eclipse.dltk.tcl.validators.tests=v20090908-1616,:pserver:anonymous@dev.eclipse.org:/cvsroot/technology,,org.eclipse.dltk/tcl/tests/org.eclipse.dltk.tcl.validators.tests

! SWT bot DLTK/TCL Tests
plugin@org.eclipse.dltk.tcl.ui.tests.swtbot=HEAD,:pserver:anonymous@dev.eclipse.org:/cvsroot/technology,,org.eclipse.dltk/tcl/tests/org.eclipse.dltk.tcl.ui.tests.swtbot

plugin@org.eclipse.dltk.tcl.activestatedebugger.tests=v20090708-1856,:pserver:anonymous@dev.eclipse.org:/cvsroot/technology,,org.eclipse.dltk/tcl/tests/org.eclipse.dltk.tcl.activestatedebugger.tests