
! XOTcl Extension Support for DLTK TCL IDE
! Copyright (c) 2007, 2008 xored software, Inc. and others
!
! $Id: xotcl.map,v 1.40 2008/06/05 04:44:57 asobolev Exp $ 

feature@org.eclipse.dltk.xotcl=v20080526-1423,:pserver:anonymous@dev.eclipse.org:/cvsroot/technology,,org.eclipse.dltk/xotcl/features/org.eclipse.dltk.xotcl-feature
feature@org.eclipse.dltk.xotcl.sdk=v20080526-1423,:pserver:anonymous@dev.eclipse.org:/cvsroot/technology,,org.eclipse.dltk/xotcl/features/org.eclipse.dltk.xotcl.sdk

plugin@org.eclipse.dltk.xotcl=v20080605-1144,:pserver:anonymous@dev.eclipse.org:/cvsroot/technology,,org.eclipse.dltk/xotcl/plugins/org.eclipse.dltk.xotcl
plugin@org.eclipse.dltk.xotcl.core=v20080604-1306,:pserver:anonymous@dev.eclipse.org:/cvsroot/technology,,org.eclipse.dltk/xotcl/plugins/org.eclipse.dltk.xotcl.core
plugin@org.eclipse.dltk.xotcl.ui=v20080526-1423,:pserver:anonymous@dev.eclipse.org:/cvsroot/technology,,org.eclipse.dltk/xotcl/plugins/org.eclipse.dltk.xotcl.ui
plugin@org.eclipse.dltk.xotcl.testing.xounit=v20080526-1423,:pserver:anonymous@dev.eclipse.org:/cvsroot/technology,,org.eclipse.dltk/xotcl/plugins/org.eclipse.dltk.xotcl.testing.xounit