
! XOTcl Extension Support for DLTK TCL IDE
! Copyright (c) 2007, 2008 xored software, Inc. and others
!
! $Id: xotcl.map,v 1.58 2008/10/11 17:09:12 apanchenk Exp $ 

feature@org.eclipse.dltk.xotcl=v20080815-1326,:pserver:anonymous@dev.eclipse.org:/cvsroot/technology,,org.eclipse.dltk/xotcl/features/org.eclipse.dltk.xotcl-feature
feature@org.eclipse.dltk.xotcl.sdk=v20080815-1326,:pserver:anonymous@dev.eclipse.org:/cvsroot/technology,,org.eclipse.dltk/xotcl/features/org.eclipse.dltk.xotcl.sdk

plugin@org.eclipse.dltk.xotcl=v20080815-1326,:pserver:anonymous@dev.eclipse.org:/cvsroot/technology,,org.eclipse.dltk/xotcl/plugins/org.eclipse.dltk.xotcl
plugin@org.eclipse.dltk.xotcl.core=v20081012,:pserver:anonymous@dev.eclipse.org:/cvsroot/technology,,org.eclipse.dltk/xotcl/plugins/org.eclipse.dltk.xotcl.core
plugin@org.eclipse.dltk.xotcl.ui=v20080815-1326,:pserver:anonymous@dev.eclipse.org:/cvsroot/technology,,org.eclipse.dltk/xotcl/plugins/org.eclipse.dltk.xotcl.ui
plugin@org.eclipse.dltk.xotcl.testing.xounit=v20080827,:pserver:anonymous@dev.eclipse.org:/cvsroot/technology,,org.eclipse.dltk/xotcl/plugins/org.eclipse.dltk.xotcl.testing.xounit