
! XOTcl Extension Support for DLTK TCL IDE
! Copyright (c) 2007, 2008 xored software, Inc. and others
!
! $Id: xotcl.map,v 1.70 2009/10/05 14:09:21 apanchenk Exp $ 

feature@org.eclipse.dltk.xotcl=v20090730-1514,:pserver:anonymous@dev.eclipse.org:/cvsroot/technology,,org.eclipse.dltk/xotcl/features/org.eclipse.dltk.xotcl-feature
feature@org.eclipse.dltk.xotcl.sdk=v20090730-1127,:pserver:anonymous@dev.eclipse.org:/cvsroot/technology,,org.eclipse.dltk/xotcl/features/org.eclipse.dltk.xotcl.sdk

plugin@org.eclipse.dltk.xotcl=v20090615-1430,:pserver:anonymous@dev.eclipse.org:/cvsroot/technology,,org.eclipse.dltk/xotcl/plugins/org.eclipse.dltk.xotcl
plugin@org.eclipse.dltk.xotcl.core=v20091005-2107,:pserver:anonymous@dev.eclipse.org:/cvsroot/technology,,org.eclipse.dltk/xotcl/plugins/org.eclipse.dltk.xotcl.core
plugin@org.eclipse.dltk.xotcl.ui=v20090730-1127,:pserver:anonymous@dev.eclipse.org:/cvsroot/technology,,org.eclipse.dltk/xotcl/plugins/org.eclipse.dltk.xotcl.ui
plugin@org.eclipse.dltk.xotcl.testing.xounit=v20090730-1127,:pserver:anonymous@dev.eclipse.org:/cvsroot/technology,,org.eclipse.dltk/xotcl/plugins/org.eclipse.dltk.xotcl.testing.xounit